// Jest Snapshot v1, https://goo.gl/fbAQLP

exports[`About Page matches the snapshot 1`] = `
<div>
  <section
    class="flex flex-col items-center justify-center px-4 sm:px-8 lg:px-16 py-12 bg-white text-gray-800"
  >
    <div
      class="max-w-4xl text-center"
    >
      <h2
        class="text-3xl sm:text-5xl font-bold mb-6"
      >
        Din destination f√∂r julshopping üéÑ
      </h2>
      <p
        class="text-lg leading-relaxed"
      >
        P√•
         
        <span
          class="font-semibold text-rose-600"
        >
          Christmas Shopping
        </span>
         
        tror vi att julen √§r √•rets mest magiska tid ‚Äì en s√§song fylld av gl√§dje, v√§rme och givmildhet. V√•rt m√•l √§r att g√∂ra din julshopping lika h√§rlig som stressfri, med ett noggrant utvalt sortiment av g√•vor, dekorationer och julens n√∂dv√§ndigheter.
      </p>
      <div
        class="mt-6"
      >
        <h3
          class="text-xl font-semibold text-rose-600 mb-4"
        >
          Varf√∂r v√§lja oss? üéÅ
        </h3>
        <ul
          class="list-disc list-inside space-y-4 text-left mx-auto sm:mx-12"
        >
          <li>
            <span
              class="font-semibold"
            >
              Handplockade g√•vor:
            </span>
             Oavsett om du handlar till n√§ra och k√§ra, v√§nner eller kollegor erbjuder vi ett brett utbud av unika och meningsfulla presenter som passar alla smaker och pl√•nb√∂cker.
          </li>
          <li>
            <span
              class="font-semibold"
            >
              Juldekorationer:
            </span>
             Fr√•n glittrande ljus till eleganta julgranskulor ‚Äì vi har allt du beh√∂ver f√∂r att f√∂rvandla ditt hem till ett vinterlandskap.
          </li>
          <li>
            <span
              class="font-semibold"
            >
              Smidig shopping:
            </span>
             Slipp julstressen! V√•r anv√§ndarv√§nliga onlinebutik och snabba leveranser g√∂r att du kan fokusera p√• det som verkligen betyder n√•got ‚Äì att umg√•s med dina n√§ra och k√§ra.
          </li>
          <li>
            <span
              class="font-semibold"
            >
              Julst√§mning garanterad:
            </span>
             Vi brinner f√∂r att sprida julgl√§dje och ser till att varje paket vi skickar √§r fyllt med en liten touch av magi.
          </li>
        </ul>
      </div>
      <p
        class="mt-6 text-lg leading-relaxed"
      >
        Hos
         
        <span
          class="font-semibold text-rose-600"
        >
          Christmas Shopping
        </span>
         
        √§r vi engagerade i kvalitet, service och julens anda. Varje produkt √§r noggrant utvald, och vi t√§nker p√• varje detalj. Vi vill att din julshopping ska vara lika gl√§djefylld som sj√§lva julafton.
      </p>
      <p
        class="mt-4 font-semibold text-rose-600"
      >
        Tack f√∂r att du l√•ter oss vara en del av dina jultraditioner. 
        <br />
        God Jul och ett Gott Nytt √Ör! üéÖ‚ú®
      </p>
    </div>
    <div
      class="mt-8"
    >
      <img
        alt="about"
        class="rounded-lg shadow-lg max-w-full h-auto"
        src="/images/about.png"
      />
    </div>
  </section>
</div>
`;
